**DIRAC                                                                                             
.TITLE                                                                                              
 Fl, SCF                                                                                            
.WAVE F                                                                                             
.4INDEX                                                                                             
.ANALYZE                                                                                            
**ANALYZE                                                                                           
.MULPOP                                                                                             
*MULPOP                                                                                             
.VECPOP                                                       
1..100
**HAMILTONIAN                                                                                       
.DOSSSS                                                                                             
.OPERATOR                                                                                           
ZDIPLEN                                                                                            
COMFACTOR                                                                                          
0.0000                                                                                             
**INTEGRALS                                                                                         
*READINP                                                                                            
.UNCONTRACT                                                                                         
**WAVE FUNCTIONS                                                                                    
.SCF                                                                                                
#.KR CI                                                                                             
*SCF                                                                                                
# Fl atom and Econf: 1s^2 2s^2 2p^6 3s^2 3p^6 4s^2 3d^10 4p^6 5s^2 4d^10 5p^6 6s^2 4f^14 5d^10 6p^6 
.CLOSED SHELL                                                                                       
112                                                                                                 
.OPEN SHELL                                                                                         
1                                                                                                   
2/6                                                                                                 
.EVCCNV                                                                                             
5.0D-8  5.0D-8                                                                                      
.MAXITR                                                                                             
60                                                                                                  
*KRCICALC                                                                                           
.CI PROGRAM                                                                                         
LUCIAREL                                                                                            
.INACTIVE                                                                                           
  18                                                                                                
.GAS SHELLS                                                                                         
 3                                                                                                  
10 12 / 6   !5s4d                                                                                   
11 13 / 3   !5p                                                                                     
13 13 / 131  !vv                                                                                    
.CIROOTS                                                                                            
3  3                                                                                                
.CIROOTS                                                                                            
4  3                                                                                                
.MAX CI                                                                                             
 100                                                                                                
.MXCIVE                                                                                             
  60                                                                                                
.ANALYZ                                                                                             
.RSTRCI                                                                                             
 0                                                                                                  
.CHECKP                                                                                             
*END OF                                                                                             